
../cballs_sincos
LSST/CosmoININ: cballs Code for computing 3pcf, expected: O(N logN)
	 ...
Version = 0.1


startrun_memoryAllocation: Allocated 0.416412 MByte for histograms storage.

	Input in columns (ascii) format...
	Input: nbody and ndim: 201326592 3...
inputdata_ascii: average of kappa (201326592 particles) = 2.266616e-09

	inputdata :: reading time = 2.182641


Allocated 27648 MByte for particle storage.

StartRun: Total allocated 29184.7 MByte storage so far.
StartRun: elapsed time: 2.19533


	evalHist: with normal tree method (sincos-omp)

findRootCenter: Pos(root) = 0.000000
findRootCenter: Pos(root) = 0.000000
findRootCenter: Pos(root) = 0.000000
findRootCenter: len = 2.000000
findRootCenter: Pos(root) = 0.000000
findRootCenter: Pos(root) = 0.000000
findRootCenter: Pos(root) = 0.000000
findRootCenter: len = 2.000000
treeload expandbox: rSize = 2.000000

Allocated 759.299 MByte for (99522887 cells) nodetab storage.
threadtree: number ip of selected cells = 0
1158984 real node (range of nodes to search: >nc1 && <nc2)

Selected vs NotSelected and total: 0 201326592 201326592

Allocated 1518.6 MByte for (199045774) scan root nodetab storage.
Found 272 root nodes to scan at level 3.
0 particles were left out at root level.
Maximum and minimum cell size: 2.000000e+00 4.882812e-04
Cell size at scanLevelMin (0): 0.000000e+00
Allocated 21260.4 MByte for (99522887) cells storage.

maketree : root number of bodies = 201326592

CPU tree time : 0.946721
evalHistN: Running ... (tree omp-sincos) 

Using 128 threads 
Going out: CPU time = 55.240557

	printEvalHist: printing normal tree method (omp-sincos)

Printing : to a file FS_zs16_r009_treeompsincos/rbins.txt ...
Printing : to a file FS_zs16_r009_treeompsincos/histXi2pcf.txt ...
Printing : to a file FS_zs16_r009_treeompsincos/histZetaM_cos_1.txt ...
Printing : to a file FS_zs16_r009_treeompsincos/histZetaM_cos_2.txt ...
Printing : to a file FS_zs16_r009_treeompsincos/histZetaM_cos_3.txt ...
Printing : to a file FS_zs16_r009_treeompsincos/histZetaM_cos_4.txt ...
Printing : to a file FS_zs16_r009_treeompsincos/histZetaM_cos_5.txt ...
Printing : to a file FS_zs16_r009_treeompsincos/histZetaM_cos_6.txt ...
Printing : to a file FS_zs16_r009_treeompsincos/histZetaM_cos_7.txt ...
Printing : to a file FS_zs16_r009_treeompsincos/histZetaM_cos_8.txt ...
Printing : to a file FS_zs16_r009_treeompsincos/histZetaM_cos_9.txt ...
Printing : to a file FS_zs16_r009_treeompsincos/histZetaM_sin_1.txt ...
Printing : to a file FS_zs16_r009_treeompsincos/histZetaM_sin_2.txt ...
Printing : to a file FS_zs16_r009_treeompsincos/histZetaM_sin_3.txt ...
Printing : to a file FS_zs16_r009_treeompsincos/histZetaM_sin_4.txt ...
Printing : to a file FS_zs16_r009_treeompsincos/histZetaM_sin_5.txt ...
Printing : to a file FS_zs16_r009_treeompsincos/histZetaM_sin_6.txt ...
Printing : to a file FS_zs16_r009_treeompsincos/histZetaM_sin_7.txt ...
Printing : to a file FS_zs16_r009_treeompsincos/histZetaM_sin_8.txt ...
Printing : to a file FS_zs16_r009_treeompsincos/histZetaM_sin_9.txt ...
Printing : to a file FS_zs16_r009_treeompsincos/histZetaM_sincos_1.txt ...
Printing : to a file FS_zs16_r009_treeompsincos/histZetaM_sincos_2.txt ...
Printing : to a file FS_zs16_r009_treeompsincos/histZetaM_sincos_3.txt ...
Printing : to a file FS_zs16_r009_treeompsincos/histZetaM_sincos_4.txt ...
Printing : to a file FS_zs16_r009_treeompsincos/histZetaM_sincos_5.txt ...
Printing : to a file FS_zs16_r009_treeompsincos/histZetaM_sincos_6.txt ...
Printing : to a file FS_zs16_r009_treeompsincos/histZetaM_sincos_7.txt ...
Printing : to a file FS_zs16_r009_treeompsincos/histZetaM_sincos_8.txt ...
Printing : to a file FS_zs16_r009_treeompsincos/histZetaM_sincos_9.txt ...

rSize 		= 2.000000
nbbcalc 	= 5796524217870
nbccalc 	= 2978180539966
ncccalc 	= 0
tdepth 		= 13
ncell 		= 99522887
cpusearch 	= 7070.791245 (be aware of the number of threads)
cputotalinout 	= 4.394616

Final CPU time : 58.417901 min.
Final real time: 14949 min.

1871760.55user 55.65system 4:09:09elapsed 12521%CPU (0avgtext+0avgdata 51666660maxresident)k
7350inputs+22984outputs (4602major+5877395minor)pagefaults 0swaps
